Test mp-srlx-srel-lrlx-lacq-lrlx Allowed
States 8
1:a=0; 1:b=0; 1:c=0;
1:a=0; 1:b=0; 1:c=1;
1:a=0; 1:b=0; 1:c=2;
1:a=1; 1:b=0; 1:c=2;
1:a=1; 1:b=1; 1:c=1;
1:a=1; 1:b=1; 1:c=2;
1:a=2; 1:b=0; 1:c=1;
1:a=2; 1:b=0; 1:c=2;
Ok
Witnesses
Positive: 1 Negative: 12
Condition exists (1:a=1 /\ 1:b=0 /\ not (1:c=1))
Observation mp-srlx-srel-lrlx-lacq-lrlx Sometimes 1 12
Hash=d91efcc59c21cecb451f30697c1c95e5

