Test mp-sna-srel-lacq-lna Forbidden
States 2
1:a=0; 1:b=0;
1:a=1; 1:b=1;
Ok
Witnesses
Positive: 2 Negative: 0
Condition ~exists (1:a=1 /\ 1:b=0)
Observation mp-sna-srel-lacq-lna Never 0 2
Hash=e1512dd9d71f7320eab983a5ddf4f53c

