Test oota-causality-15 Allowed
States 5
0:r0=0; 0:r1=0; 1:r2=0; 1:r3=0; 1:r4=0;
0:r0=0; 0:r1=0; 1:r2=1; 1:r3=0; 1:r4=1;
0:r0=1; 0:r1=0; 1:r2=0; 1:r3=0; 1:r4=0;
0:r0=1; 0:r1=0; 1:r2=1; 1:r3=0; 1:r4=1;
0:r0=1; 0:r1=1; 1:r2=0; 1:r3=1; 1:r4=1;
Ok
Witnesses
Positive: 1 Negative: 4
Condition exists (0:r0=1 /\ 0:r1=1 /\ 1:r2=0 /\ 1:r3=1 /\ not (1:r4=0))
Observation oota-causality-15 Sometimes 1 4
Hash=40c8856db50fe44f850390851a61a4ba

