Test oota-causality-18 Allowed
States 3
0:r1=0; 0:r3=0; 1:r2=0;
0:r1=42; 0:r3=0; 1:r2=0;
0:r1=42; 0:r3=0; 1:r2=42;
No
Witnesses
Positive: 0 Negative: 5
Condition exists (0:r1=42 /\ 1:r2=42 /\ 0:r3=42)
Observation oota-causality-18 Never 0 5
Hash=2759147e8d11b616583b2e98df0c1b49

