Test MP+porlxrlx+fetch.addrlxrlx-porlxrlx Allowed
States 4
1:r0=0; 1:r1=0; [y]=1;
1:r0=0; 1:r1=1; [y]=1;
1:r0=1; 1:r1=0; [y]=3;
1:r0=1; 1:r1=1; [y]=3;
Ok
Witnesses
Positive: 1 Negative: 3
Condition exists ([y]=3 /\ 1:r0=1 /\ 1:r1=0)
Observation MP+porlxrlx+fetch.addrlxrlx-porlxrlx Sometimes 1 3
Hash=c09fadf6d368461066b2797070475866

