Test RW+WR+fetch.addrlxrlx-porlxrlx+porlxrlx Allowed
States 4
0:r0=0; 1:r0=0; [y]=1;
0:r0=0; 1:r0=0; [y]=2;
0:r0=0; 1:r0=1; [y]=1;
0:r0=0; 1:r0=1; [y]=2;
Ok
Witnesses
Positive: 1 Negative: 3
Condition exists ([y]=2 /\ 0:r0=0 /\ 1:r0=0)
Observation RW+WR+fetch.addrlxrlx-porlxrlx+porlxrlx Sometimes 1 3
Hash=680377353a537d48e0c206257fb46ddc

