Test a1+Rrel+rel Allowed
States 2
[x]=1; [y]=0;
[x]=1; [y]=1;
Ok
Witnesses
Positive: 1 Negative: 1
Condition exists ([x]=1 /\ [y]=1)
Observation a1+Rrel+rel Sometimes 1 1
Hash=b1e78a6ceab2555fc1a82c899ed8e140

