Test a2+Rsc+sc Required
States 1

Ok
Witnesses
Positive: 2 Negative: 0
Condition forall (true)
Observation a2+Rsc+sc Always 2 0
Hash=05450cc0d799ebff0566895a99f578f4

