Warning: File "./tests/popl15/auto/a2_reorder+sc+Rrlx.litmus", line 5, characters 17-18: unexpected ',' (in prog) (User error)
