Test a3+acq+Wna Allowed
States 2
1:r1=0;
1:r1=1;
Ok
Witnesses
Positive: 1 Negative: 1
Condition exists (1:r1=1)
Observation a3+acq+Wna Sometimes 1 1
Time a3+acq+Wna 0.00
Hash=3d0c223dd2370b0bc73b1fda7956fc6c

