Test a3+acq+Crel Allowed
States 2
1:r1=0;
1:r1=1;
Ok
Witnesses
Positive: 1 Negative: 1
Condition exists (1:r1=1)
Observation a3+acq+Crel Sometimes 1 1
Time a3+acq+Crel 0.00
Hash=45c39ed71704ce017ab8709458c5d026

