Test a3_reorder+Wsc+acq Allowed
States 2
1:r1=0;
1:r1=1;
Undef
Witnesses
Positive: 2 Negative: 2
Flag *undef*
Condition exists (1:r1=1)
Observation a3_reorder+Wsc+acq Sometimes 2 2
Hash=abcf5f21c5d3bf71a8dedc964c37cc2f

