Test a5_reorder+rel+Wacq Required
States 1

Undef
Witnesses
Positive: 3 Negative: 0
Flag *undef*
Condition forall (true)
Observation a5_reorder+rel+Wacq Always 3 0
Time a5_reorder+rel+Wacq 0.00
Hash=37622b28fd1425f4d020390fc931238d

