Test a5_reorder+sc+Crel-acq Required
States 1

Undef
Witnesses
Positive: 3 Negative: 0
Flag *undef*
Condition forall (true)
Observation a5_reorder+sc+Crel-acq Always 3 0
Hash=57ef9c9679dfb5630a395e94701a778f

