Test a7+Cacq Required
States 1

Ok
Witnesses
Positive: 2 Negative: 0
Condition forall (true)
Observation a7+Cacq Always 2 0
Hash=602b0be228ed7932dcfcf1a8888488b3

