Test a7_reorder+Rna Required
States 1

Undef
Witnesses
Positive: 3 Negative: 0
Flag *undef*
Condition forall (true)
Observation a7_reorder+Rna Always 3 0
Hash=bfa744793caafda7bcc9b55f64d94530

