Test coWR-sna-lrlx-faddrlx Forbidden
States 3
0:a=1; [x]=1;
0:a=1; [x]=3;
0:a=3; [x]=3;
Undef
Witnesses
Positive: 3 Negative: 0
Flag *undef*
Condition ~exists (0:a=2 /\ [x]=1)
Observation coWR-sna-lrlx-faddrlx Never 0 3
Hash=9ef3b5d7099535f3b52149e94006a5ab

