Test roachmotel Allowed
States 2
[a]=1; [x]=0; [y]=0; [z]=1;
[a]=1; [x]=1; [y]=1; [z]=1;
Undef
Witnesses
Positive: 2 Negative: 1
Flag *undef*
Condition exists ([a]=1 /\ [z]=1 /\ [x]=1 /\ [y]=1)
Observation roachmotel Sometimes 2 1
Hash=89a4c1ec939981e0b843da41078b910c

