Test a1+Rrlx+rel Allowed
States 2
[x]=1; [y]=0;
[x]=1; [y]=1;
Ok
Witnesses
Positive: 1 Negative: 1
Condition exists ([x]=1 /\ [y]=1)
Observation a1+Rrlx+rel Sometimes 1 1
Hash=90db81bf8859ab943ecb81c2d1c894e0

