Test a2_reorder+rel+Crel-acq Required
States 1

Undef
Witnesses
Positive: 3 Negative: 0
Flag *undef*
Condition forall (true)
Observation a2_reorder+rel+Crel-acq Always 3 0
Hash=84e5b77a3fc95bc2b7ee9efa81357d73

