Test a3v2+sc+Rrlx Required
States 1

Ok
Witnesses
Positive: 2 Negative: 0
Condition forall (true)
Observation a3v2+sc+Rrlx Always 2 0
Hash=da8796b2a9e8851665bd94156f07eddc

