Test a5_reorder+rel+Wrlx Required
States 1

Undef
Witnesses
Positive: 3 Negative: 0
Flag *undef*
Condition forall (true)
Observation a5_reorder+rel+Wrlx Always 3 0
Hash=db3d149c97a119b9eac6e6a92d0f6dd9

