Test a5_reorder+rel+Rrel Required
States 1

Undef
Witnesses
Positive: 3 Negative: 0
Flag *undef*
Condition forall (true)
Observation a5_reorder+rel+Rrel Always 3 0
Hash=b1c130111c45506be8be4f3cbb943f5b

