Test a6_reorder+rel+Racq Required
States 1

Undef
Witnesses
Positive: 3 Negative: 0
Flag *undef*
Condition forall (true)
Observation a6_reorder+rel+Racq Always 3 0
Hash=a63c0193cf2884ef4d0e7c091d3b7bac

