Test a1+Rsc+sc Allowed
States 2
[x]=1; [y]=0;
[x]=1; [y]=1;
Ok
Witnesses
Positive: 1 Negative: 1
Condition exists ([x]=1 /\ [y]=1)
Observation a1+Rsc+sc Sometimes 1 1
Hash=d061c1bbdda4891062a16e9a1228c009

