Test a3+acq+Wsc Allowed
States 2
1:r1=0;
1:r1=1;
Ok
Witnesses
Positive: 1 Negative: 1
Condition exists (1:r1=1)
Observation a3+acq+Wsc Sometimes 1 1
Hash=13e7ca4c54b66d0800c8da74d3194cd0

