Test a4 Allowed
States 3
0:r1=0; 1:r2=1;
0:r1=1; 1:r2=0;
0:r1=1; 1:r2=1;
No
Witnesses
Positive: 0 Negative: 3
Condition exists (0:r1=0 /\ 1:r2=0)
Observation a4 Never 0 3
Hash=631326862a55d6969391e1fbc4f96fa1

