Test mp-na-frel-srlx-lrlx-facq-na Forbidden
States 2
1:a=0; 1:b=0;
1:a=1; 1:b=1;
Ok
Witnesses
Positive: 2 Negative: 0
Condition ~exists (1:a=1 /\ 1:b=0)
Observation mp-na-frel-srlx-lrlx-facq-na Never 0 2
Hash=75190085115a89dc0f9cbe921f9253e8

