Test lb-lrlx-srel-lrlx-srlx Allowed
States 2
0:b=0;
0:b=1;
Ok
Witnesses
Positive: 1 Negative: 2
Condition exists (0:b=1)
Observation lb-lrlx-srel-lrlx-srlx Sometimes 1 2
Hash=5153bd136cbf9ff87707b18ca97354c7

