Test coRR-srel-faddacq-lrlx Forbidden
States 2
1:a=0; 1:b=0;
1:a=1; 1:b=1;
Ok
Witnesses
Positive: 2 Negative: 0
Condition ~exists (1:a=1 /\ 1:b=0)
Observation coRR-srel-faddacq-lrlx Never 0 2
Hash=fc6bf1ae1e651254a9540ef515b0640e

