Test coRR-faddrlx-lrlx-facq-lna Forbidden
States 2
1:a=0; 1:b=0;
1:a=1; 1:b=1;
Undef
Witnesses
Positive: 2 Negative: 0
Flag *undef*
Condition ~exists (1:a=1 /\ 1:b=0)
Observation coRR-faddrlx-lrlx-facq-lna Never 0 2
Hash=eede93e04d7eeb97be8ae060814154a4

