Test coWW-srlx-faddrlx-lna Forbidden
States 1
[x]=2;
Undef
Witnesses
Positive: 3 Negative: 0
Flag *undef*
Condition ~exists ([x]=0 \/ [x]=1)
Observation coWW-srlx-faddrlx-lna Never 0 3
Hash=8df483b11d21aa6403c6cbffee03d091

