Test amp-lna-srel-srlx-lacq-sna-racy Allowed
States 2
0:b=0;
0:b=1;
Undef
Witnesses
Positive: 1 Negative: 3
Flag *undef*
Condition exists (0:b=1)
Observation amp-lna-srel-srlx-lacq-sna-racy Sometimes 1 3
Hash=498712a1766359a9ae0d68d95dff1f6a

